GAS LISTING /var/folders/jy/pkqnkk1s5x97h68j2fkh30vh0000gq/T//cccAcc5k.s 			page 1


   1               		.file	"pins_arduino.c"
   2               	__SREG__ = 0x3f
   3               	__SP_H__ = 0x3e
   4               	__SP_L__ = 0x3d
   5               	__CCP__ = 0x34
   6               	__tmp_reg__ = 0
   7               	__zero_reg__ = 1
   8               		.global __do_copy_data
   9               		.global __do_clear_bss
  10               	.global	digital_pin_to_timer_PGM
  11               		.section	.progmem.data,"a",@progbits
  12               		.type	digital_pin_to_timer_PGM, @object
  13               		.size	digital_pin_to_timer_PGM, 6
  14               	digital_pin_to_timer_PGM:
  15 0000 01        		.byte	1
  16 0001 03        		.byte	3
  17 0002 00        		.byte	0
  18 0003 00        		.byte	0
  19 0004 00        		.byte	0
  20 0005 00        		.byte	0
  21               	.global	digital_pin_to_bit_mask_PGM
  22               		.type	digital_pin_to_bit_mask_PGM, @object
  23               		.size	digital_pin_to_bit_mask_PGM, 6
  24               	digital_pin_to_bit_mask_PGM:
  25 0006 01        		.byte	1
  26 0007 02        		.byte	2
  27 0008 04        		.byte	4
  28 0009 08        		.byte	8
  29 000a 10        		.byte	16
  30 000b 20        		.byte	32
  31               	.global	digital_pin_to_port_PGM
  32               		.type	digital_pin_to_port_PGM, @object
  33               		.size	digital_pin_to_port_PGM, 6
  34               	digital_pin_to_port_PGM:
  35 000c 01        		.byte	1
  36 000d 01        		.byte	1
  37 000e 01        		.byte	1
  38 000f 01        		.byte	1
  39 0010 01        		.byte	1
  40 0011 01        		.byte	1
  41               	.global	port_to_input_PGM
  42               		.type	port_to_input_PGM, @object
  43               		.size	port_to_input_PGM, 2
  44               	port_to_input_PGM:
  45 0012 00        		.byte	0
  46 0013 36        		.byte	54
  47               	.global	port_to_output_PGM
  48               		.type	port_to_output_PGM, @object
  49               		.size	port_to_output_PGM, 2
  50               	port_to_output_PGM:
  51 0014 00        		.byte	0
  52 0015 38        		.byte	56
  53               	.global	port_to_mode_PGM
  54               		.type	port_to_mode_PGM, @object
  55               		.size	port_to_mode_PGM, 2
  56               	port_to_mode_PGM:
  57 0016 00        		.byte	0
GAS LISTING /var/folders/jy/pkqnkk1s5x97h68j2fkh30vh0000gq/T//cccAcc5k.s 			page 2


  58 0017 37        		.byte	55
GAS LISTING /var/folders/jy/pkqnkk1s5x97h68j2fkh30vh0000gq/T//cccAcc5k.s 			page 3


DEFINED SYMBOLS
                            *ABS*:00000000 pins_arduino.c
/var/folders/jy/pkqnkk1s5x97h68j2fkh30vh0000gq/T//cccAcc5k.s:2      *ABS*:0000003f __SREG__
/var/folders/jy/pkqnkk1s5x97h68j2fkh30vh0000gq/T//cccAcc5k.s:3      *ABS*:0000003e __SP_H__
/var/folders/jy/pkqnkk1s5x97h68j2fkh30vh0000gq/T//cccAcc5k.s:4      *ABS*:0000003d __SP_L__
/var/folders/jy/pkqnkk1s5x97h68j2fkh30vh0000gq/T//cccAcc5k.s:5      *ABS*:00000034 __CCP__
/var/folders/jy/pkqnkk1s5x97h68j2fkh30vh0000gq/T//cccAcc5k.s:6      *ABS*:00000000 __tmp_reg__
/var/folders/jy/pkqnkk1s5x97h68j2fkh30vh0000gq/T//cccAcc5k.s:7      *ABS*:00000001 __zero_reg__
/var/folders/jy/pkqnkk1s5x97h68j2fkh30vh0000gq/T//cccAcc5k.s:14     .progmem.data:00000000 digital_pin_to_timer_PGM
/var/folders/jy/pkqnkk1s5x97h68j2fkh30vh0000gq/T//cccAcc5k.s:24     .progmem.data:00000006 digital_pin_to_bit_mask_PGM
/var/folders/jy/pkqnkk1s5x97h68j2fkh30vh0000gq/T//cccAcc5k.s:34     .progmem.data:0000000c digital_pin_to_port_PGM
/var/folders/jy/pkqnkk1s5x97h68j2fkh30vh0000gq/T//cccAcc5k.s:44     .progmem.data:00000012 port_to_input_PGM
/var/folders/jy/pkqnkk1s5x97h68j2fkh30vh0000gq/T//cccAcc5k.s:50     .progmem.data:00000014 port_to_output_PGM
/var/folders/jy/pkqnkk1s5x97h68j2fkh30vh0000gq/T//cccAcc5k.s:56     .progmem.data:00000016 port_to_mode_PGM

UNDEFINED SYMBOLS
__do_copy_data
__do_clear_bss
