GAS LISTING /var/folders/jy/pkqnkk1s5x97h68j2fkh30vh0000gq/T//ccRgBBcC.s 			page 1


   1               		.file	"wiring_analog.c"
   2               	__SREG__ = 0x3f
   3               	__SP_H__ = 0x3e
   4               	__SP_L__ = 0x3d
   5               	__CCP__ = 0x34
   6               	__tmp_reg__ = 0
   7               	__zero_reg__ = 1
   8               		.global __do_copy_data
   9               		.global __do_clear_bss
  10               		.section	.text.analogReference,"ax",@progbits
  11               	.global	analogReference
  12               		.type	analogReference, @function
  13               	analogReference:
  14               	/* prologue: function */
  15               	/* frame size = 0 */
  16               	/* stack size = 0 */
  17               	.L__stack_usage = 0
  18 0000 8093 0000 		sts analog_reference,r24
  19               	/* epilogue start */
  20 0004 0895      		ret
  21               		.size	analogReference, .-analogReference
  22               		.section	.text.analogRead,"ax",@progbits
  23               	.global	analogRead
  24               		.type	analogRead, @function
  25               	analogRead:
  26               	/* prologue: function */
  27               	/* frame size = 0 */
  28               	/* stack size = 0 */
  29               	.L__stack_usage = 0
  30 0000 8630      		cpi r24,lo8(6)
  31 0002 00F0      		brlo .L3
  32 0004 8650      		subi r24,lo8(-(-6))
  33               	.L3:
  34 0006 2091 0000 		lds r18,analog_reference
  35 000a 37B1      		in r19,39-32
  36 000c 922F      		mov r25,r18
  37 000e 9295      		swap r25
  38 0010 990F      		lsl r25
  39 0012 990F      		lsl r25
  40 0014 907C      		andi r25,lo8(-64)
  41 0016 3F72      		andi r19,lo8(47)
  42 0018 932B      		or r25,r19
  43 001a 30E0      		ldi r19,lo8(0)
  44 001c 2470      		andi r18,lo8(4)
  45 001e 3070      		andi r19,hi8(4)
  46 0020 3695      		lsr r19
  47 0022 2795      		ror r18
  48 0024 3695      		lsr r19
  49 0026 2795      		ror r18
  50 0028 2295      		swap r18
  51 002a 207F      		andi r18,lo8(-16)
  52 002c 922B      		or r25,r18
  53 002e 97B9      		out 39-32,r25
  54 0030 97B1      		in r25,39-32
  55 0032 907F      		andi r25,lo8(-16)
  56 0034 982B      		or r25,r24
  57 0036 97B9      		out 39-32,r25
GAS LISTING /var/folders/jy/pkqnkk1s5x97h68j2fkh30vh0000gq/T//ccRgBBcC.s 			page 2


  58 0038 369A      		sbi 38-32,6
  59               	.L4:
  60 003a 3699      		sbic 38-32,6
  61 003c 00C0      		rjmp .L4
  62 003e 84B1      		in r24,36-32
  63 0040 95B1      		in r25,36+1-32
  64               	/* epilogue start */
  65 0042 0895      		ret
  66               		.size	analogRead, .-analogRead
  67               		.section	.text.analogWrite,"ax",@progbits
  68               	.global	analogWrite
  69               		.type	analogWrite, @function
  70               	analogWrite:
  71 0000 1F93      		push r17
  72 0002 CF93      		push r28
  73 0004 DF93      		push r29
  74               	/* prologue: function */
  75               	/* frame size = 0 */
  76               	/* stack size = 3 */
  77               	.L__stack_usage = 3
  78 0006 182F      		mov r17,r24
  79 0008 EB01      		movw r28,r22
  80 000a 61E0      		ldi r22,lo8(1)
  81 000c 00D0      		rcall pinMode
  82 000e 1C16      		cp __zero_reg__,r28
  83 0010 1D06      		cpc __zero_reg__,r29
  84 0012 04F0      		brlt .L7
  85 0014 812F      		mov r24,r17
  86 0016 00C0      		rjmp .L15
  87               	.L7:
  88 0018 CF3F      		cpi r28,255
  89 001a D105      		cpc r29,__zero_reg__
  90 001c 04F0      		brlt .L9
  91 001e 812F      		mov r24,r17
  92 0020 00C0      		rjmp .L13
  93               	.L9:
  94 0022 1123      		tst r17
  95 0024 01F4      		brne .L10
  96 0026 8AB5      		in r24,74-32
  97 0028 8F73      		andi r24,lo8(63)
  98 002a 8068      		ori r24,lo8(-128)
  99 002c 8ABD      		out 74-32,r24
 100 002e C9BD      		out 73-32,r28
 101 0030 00C0      		rjmp .L6
 102               	.L10:
 103 0032 1130      		cpi r17,lo8(1)
 104 0034 01F4      		brne .L11
 105 0036 8AB5      		in r24,74-32
 106 0038 8F7C      		andi r24,lo8(-49)
 107 003a 8062      		ori r24,lo8(32)
 108 003c 8ABD      		out 74-32,r24
 109 003e C8BD      		out 72-32,r28
 110 0040 00C0      		rjmp .L6
 111               	.L11:
 112 0042 1430      		cpi r17,lo8(4)
 113 0044 01F4      		brne .L12
 114 0046 8CB5      		in r24,76-32
GAS LISTING /var/folders/jy/pkqnkk1s5x97h68j2fkh30vh0000gq/T//ccRgBBcC.s 			page 3


 115 0048 8F7C      		andi r24,lo8(-49)
 116 004a 8062      		ori r24,lo8(32)
 117 004c 8CBD      		out 76-32,r24
 118 004e CBBD      		out 75-32,r28
 119 0050 00C0      		rjmp .L6
 120               	.L12:
 121 0052 812F      		mov r24,r17
 122 0054 C038      		cpi r28,128
 123 0056 D105      		cpc r29,__zero_reg__
 124 0058 04F4      		brge .L13
 125               	.L15:
 126 005a 60E0      		ldi r22,lo8(0)
 127 005c 00C0      		rjmp .L14
 128               	.L13:
 129 005e 61E0      		ldi r22,lo8(1)
 130               	.L14:
 131 0060 00D0      		rcall digitalWrite
 132               	.L6:
 133               	/* epilogue start */
 134 0062 DF91      		pop r29
 135 0064 CF91      		pop r28
 136 0066 1F91      		pop r17
 137 0068 0895      		ret
 138               		.size	analogWrite, .-analogWrite
 139               	.global	analog_reference
 140               		.section	.bss.analog_reference,"aw",@nobits
 141               		.type	analog_reference, @object
 142               		.size	analog_reference, 1
 143               	analog_reference:
 144 0000 00        		.skip 1,0
GAS LISTING /var/folders/jy/pkqnkk1s5x97h68j2fkh30vh0000gq/T//ccRgBBcC.s 			page 4


DEFINED SYMBOLS
                            *ABS*:00000000 wiring_analog.c
/var/folders/jy/pkqnkk1s5x97h68j2fkh30vh0000gq/T//ccRgBBcC.s:2      *ABS*:0000003f __SREG__
/var/folders/jy/pkqnkk1s5x97h68j2fkh30vh0000gq/T//ccRgBBcC.s:3      *ABS*:0000003e __SP_H__
/var/folders/jy/pkqnkk1s5x97h68j2fkh30vh0000gq/T//ccRgBBcC.s:4      *ABS*:0000003d __SP_L__
/var/folders/jy/pkqnkk1s5x97h68j2fkh30vh0000gq/T//ccRgBBcC.s:5      *ABS*:00000034 __CCP__
/var/folders/jy/pkqnkk1s5x97h68j2fkh30vh0000gq/T//ccRgBBcC.s:6      *ABS*:00000000 __tmp_reg__
/var/folders/jy/pkqnkk1s5x97h68j2fkh30vh0000gq/T//ccRgBBcC.s:7      *ABS*:00000001 __zero_reg__
/var/folders/jy/pkqnkk1s5x97h68j2fkh30vh0000gq/T//ccRgBBcC.s:13     .text.analogReference:00000000 analogReference
/var/folders/jy/pkqnkk1s5x97h68j2fkh30vh0000gq/T//ccRgBBcC.s:143    .bss.analog_reference:00000000 analog_reference
/var/folders/jy/pkqnkk1s5x97h68j2fkh30vh0000gq/T//ccRgBBcC.s:25     .text.analogRead:00000000 analogRead
/var/folders/jy/pkqnkk1s5x97h68j2fkh30vh0000gq/T//ccRgBBcC.s:70     .text.analogWrite:00000000 analogWrite

UNDEFINED SYMBOLS
__do_copy_data
__do_clear_bss
pinMode
digitalWrite
